#-----------------------------------------------------------
# Vivado v2020.2 (64-bit)
# SW Build 3064766 on Wed Nov 18 09:12:45 MST 2020
# IP Build 3064653 on Wed Nov 18 14:17:31 MST 2020
# Start of session at: Sun Apr 17 19:40:03 2022
# Process ID: 22144
# Current directory: D:/desktop/COD_Labs/Lab4/Lab4_cpu
# Command line: vivado.exe -gui_launcher_event rodinguilauncherevent47376 D:\desktop\COD_Labs\Lab4\Lab4_cpu\Lab4_cpu.xpr
# Log file: D:/desktop/COD_Labs/Lab4/Lab4_cpu/vivado.log
# Journal file: D:/desktop/COD_Labs/Lab4/Lab4_cpu\vivado.jou
#-----------------------------------------------------------
start_gui
open_project D:/desktop/COD_Labs/Lab4/Lab4_cpu/Lab4_cpu.xpr
open_hw_manager
update_compile_order -fileset sources_1
connect_hw_server -allow_non_jtag
open_hw_target
set_property PROGRAM.FILE {D:/desktop/COD_Labs/Lab4/Lab4_cpu/Lab4_cpu.runs/impl_1/pdu.bit} [get_hw_devices xc7a100t_0]
current_hw_device [get_hw_devices xc7a100t_0]
refresh_hw_device -update_hw_probes false [lindex [get_hw_devices xc7a100t_0] 0]
set_property PROBES.FILE {} [get_hw_devices xc7a100t_0]
set_property FULL_PROBES.FILE {} [get_hw_devices xc7a100t_0]
set_property PROGRAM.FILE {D:/desktop/COD_Labs/Lab4/Lab4_cpu/Lab4_cpu.runs/impl_1/pdu.bit} [get_hw_devices xc7a100t_0]
program_hw_devices [get_hw_devices xc7a100t_0]
refresh_hw_device [lindex [get_hw_devices xc7a100t_0] 0]
