Copyright 1986-2020 Xilinx, Inc. All Rights Reserved.
------------------------------------------------------------------------------------
| Tool Version : Vivado v.2020.2 (win64) Build 3064766 Wed Nov 18 09:12:45 MST 2020
| Date         : Wed Mar 30 20:51:49 2022
| Host         : LAPTOP-FR2OG12K running 64-bit major release  (build 9200)
| Command      : report_control_sets -verbose -file RegFile_control_sets_placed.rpt
| Design       : RegFile
| Device       : xc7a100t
------------------------------------------------------------------------------------

Control Set Information

Table of Contents
-----------------
1. Summary
2. Histogram
3. Flip-Flop Distribution
4. Detailed Control Set Information

1. Summary
----------

+----------------------------------------------------------+-------+
|                          Status                          | Count |
+----------------------------------------------------------+-------+
| Total control sets                                       |    15 |
|    Minimum number of control sets                        |    15 |
|    Addition due to synthesis replication                 |     0 |
|    Addition due to physical synthesis replication        |     0 |
| Unused register locations in slices containing registers |    43 |
+----------------------------------------------------------+-------+
* Control sets can be merged at opt_design using control_set_merge or merge_equivalent_drivers
** Run report_qor_suggestions for automated merging and remapping suggestions


2. Histogram
------------

+--------------------+-------+
|       Fanout       | Count |
+--------------------+-------+
| Total control sets |    15 |
| >= 0 to < 4        |     0 |
| >= 4 to < 6        |     7 |
| >= 6 to < 8        |     0 |
| >= 8 to < 10       |     0 |
| >= 10 to < 12      |     0 |
| >= 12 to < 14      |     3 |
| >= 14 to < 16      |     0 |
| >= 16              |     5 |
+--------------------+-------+
* Control sets can be remapped at either synth_design or opt_design


3. Flip-Flop Distribution
-------------------------

+--------------+-----------------------+------------------------+-----------------+--------------+
| Clock Enable | Synchronous Set/Reset | Asynchronous Set/Reset | Total Registers | Total Slices |
+--------------+-----------------------+------------------------+-----------------+--------------+
| No           | No                    | No                     |              45 |           19 |
| No           | No                    | Yes                    |              26 |           11 |
| No           | Yes                   | No                     |               0 |            0 |
| Yes          | No                    | No                     |               4 |            3 |
| Yes          | No                    | Yes                    |              84 |           31 |
| Yes          | Yes                   | No                     |              30 |            7 |
+--------------+-----------------------+------------------------+-----------------+--------------+


4. Detailed Control Set Information
-----------------------------------

+----------------+------------------------------------+-------------------------------+------------------+----------------+--------------+
|  Clock Signal  |            Enable Signal           |        Set/Reset Signal       | Slice Load Count | Bel Load Count | Bels / Slice |
+----------------+------------------------------------+-------------------------------+------------------+----------------+--------------+
|  clk_IBUF_BUFG | signal_edge0/button_num[3]_i_1_n_0 |                               |                3 |              4 |         1.33 |
|  clk_IBUF_BUFG | jitter_clr0/cnt[4]_i_2_n_0         | jitter_clr0/cnt[4]_i_1_n_0    |                1 |              5 |         5.00 |
|  clk_IBUF_BUFG | jitter_clr1/cnt[4]_i_2__0_n_0      | jitter_clr1/cnt[4]_i_1__0_n_0 |                1 |              5 |         5.00 |
|  clk_IBUF_BUFG | jitter_clr2/cnt[4]_i_2__1_n_0      | jitter_clr2/cnt[4]_i_1__1_n_0 |                1 |              5 |         5.00 |
|  clk_IBUF_BUFG | jitter_clr4/cnt[4]_i_2__2_n_0      | jitter_clr4/cnt[4]_i_1__2_n_0 |                1 |              5 |         5.00 |
|  clk_IBUF_BUFG | jitter_clr3/rstn                   | jitter_clr3/cnt[3]_i_1__4_n_0 |                2 |              5 |         2.50 |
|  clk_IBUF_BUFG | jitter_clr5/sel                    | jitter_clr5/clear             |                1 |              5 |         5.00 |
|  clk_IBUF_BUFG | dpra[11]_i_1_n_0                   | jitter_clr3/rstn              |                4 |             12 |         3.00 |
|  clk_IBUF_BUFG | num_1[11]_i_1_n_0                  | jitter_clr3/rstn              |                4 |             12 |         3.00 |
|  clk_IBUF_BUFG | buttonedge3/E[0]                   | jitter_clr3/rstn              |                6 |             12 |         2.00 |
|  clk_IBUF_BUFG | clk_cnt                            | jitter_clr3/rstn              |                3 |             16 |         5.33 |
|  clk_IBUF_BUFG | db[15]_i_1_n_0                     | jitter_clr3/rstn              |                5 |             16 |         3.20 |
|  clk_IBUF_BUFG | buttonedge2/E[0]                   | jitter_clr3/rstn              |                9 |             16 |         1.78 |
|  clk_IBUF_BUFG |                                    | jitter_clr3/rstn              |               11 |             26 |         2.36 |
|  clk_IBUF_BUFG |                                    |                               |               19 |             45 |         2.37 |
+----------------+------------------------------------+-------------------------------+------------------+----------------+--------------+


