#-----------------------------------------------------------
# Vivado v2020.2 (64-bit)
# SW Build 3064766 on Wed Nov 18 09:12:45 MST 2020
# IP Build 3064653 on Wed Nov 18 14:17:31 MST 2020
# Start of session at: Thu Mar 24 22:05:51 2022
# Process ID: 8860
# Current directory: D:/desktop/COD_Labs/Lab1/Lab1_32bitsALU
# Command line: vivado.exe -gui_launcher_event rodinguilauncherevent1028 D:\desktop\COD_Labs\Lab1\Lab1_32bitsALU\Lab1_32bitsALU.xpr
# Log file: D:/desktop/COD_Labs/Lab1/Lab1_32bitsALU/vivado.log
# Journal file: D:/desktop/COD_Labs/Lab1/Lab1_32bitsALU\vivado.jou
#-----------------------------------------------------------
start_gui
open_project D:/desktop/COD_Labs/Lab1/Lab1_32bitsALU/Lab1_32bitsALU.xpr
update_compile_order -fileset sources_1
synth_design -rtl -rtl_skip_mlo -name rtl_1
open_run synth_1 -name synth_1
report_utilization -name utilization_1
report_timing_summary -delay_type min_max -report_unconstrained -check_timing_verbose -max_paths 10 -input_pins -routable_nets -name timing_1
