Copyright 1986-2020 Xilinx, Inc. All Rights Reserved.
------------------------------------------------------------------------------------
| Tool Version : Vivado v.2020.2 (win64) Build 3064766 Wed Nov 18 09:12:45 MST 2020
| Date         : Wed Mar 30 16:59:00 2022
| Host         : LAPTOP-FR2OG12K running 64-bit major release  (build 9200)
| Command      : report_control_sets -verbose -file RegFile_control_sets_placed.rpt
| Design       : RegFile
| Device       : xc7a100t
------------------------------------------------------------------------------------

Control Set Information

Table of Contents
-----------------
1. Summary
2. Histogram
3. Flip-Flop Distribution
4. Detailed Control Set Information

1. Summary
----------

+----------------------------------------------------------+-------+
|                          Status                          | Count |
+----------------------------------------------------------+-------+
| Total control sets                                       |    47 |
|    Minimum number of control sets                        |    47 |
|    Addition due to synthesis replication                 |     0 |
|    Addition due to physical synthesis replication        |     0 |
| Unused register locations in slices containing registers |    43 |
+----------------------------------------------------------+-------+
* Control sets can be merged at opt_design using control_set_merge or merge_equivalent_drivers
** Run report_qor_suggestions for automated merging and remapping suggestions


2. Histogram
------------

+--------------------+-------+
|       Fanout       | Count |
+--------------------+-------+
| Total control sets |    47 |
| >= 0 to < 4        |     0 |
| >= 4 to < 6        |     7 |
| >= 6 to < 8        |     0 |
| >= 8 to < 10       |     0 |
| >= 10 to < 12      |     0 |
| >= 12 to < 14      |     3 |
| >= 14 to < 16      |     0 |
| >= 16              |    37 |
+--------------------+-------+
* Control sets can be remapped at either synth_design or opt_design


3. Flip-Flop Distribution
-------------------------

+--------------+-----------------------+------------------------+-----------------+--------------+
| Clock Enable | Synchronous Set/Reset | Asynchronous Set/Reset | Total Registers | Total Slices |
+--------------+-----------------------+------------------------+-----------------+--------------+
| No           | No                    | No                     |              44 |           19 |
| No           | No                    | Yes                    |              27 |           12 |
| No           | Yes                   | No                     |               0 |            0 |
| Yes          | No                    | No                     |               4 |            2 |
| Yes          | No                    | Yes                    |             100 |           40 |
| Yes          | Yes                   | No                     |              30 |            7 |
+--------------+-----------------------+------------------------+-----------------+--------------+


4. Detailed Control Set Information
-----------------------------------

+----------------+---------------------------------------------------------------------------------------------------+-------------------------------+------------------+----------------+--------------+
|  Clock Signal  |                                           Enable Signal                                           |        Set/Reset Signal       | Slice Load Count | Bel Load Count | Bels / Slice |
+----------------+---------------------------------------------------------------------------------------------------+-------------------------------+------------------+----------------+--------------+
|  clk_IBUF_BUFG | signal_edge0/button_num[3]_i_1_n_0                                                                |                               |                2 |              4 |         2.00 |
|  clk_IBUF_BUFG | jitter_clr2/cnt[4]_i_2__1_n_0                                                                     | jitter_clr2/cnt[4]_i_1__1_n_0 |                1 |              5 |         5.00 |
|  clk_IBUF_BUFG | jitter_clr1/cnt[4]_i_2__0_n_0                                                                     | jitter_clr1/cnt[4]_i_1__0_n_0 |                1 |              5 |         5.00 |
|  clk_IBUF_BUFG | jitter_clr0/cnt[4]_i_2_n_0                                                                        | jitter_clr0/cnt[4]_i_1_n_0    |                1 |              5 |         5.00 |
|  clk_IBUF_BUFG | jitter_clr3/rstn                                                                                  | jitter_clr3/cnt[3]_i_1__4_n_0 |                2 |              5 |         2.50 |
|  clk_IBUF_BUFG | jitter_clr4/cnt[4]_i_2__2_n_0                                                                     | jitter_clr4/cnt[4]_i_1__2_n_0 |                1 |              5 |         5.00 |
|  clk_IBUF_BUFG | jitter_clr5/sel                                                                                   | jitter_clr5/clear             |                1 |              5 |         5.00 |
|  clk_IBUF_BUFG | dpra[11]_i_1_n_0                                                                                  | jitter_clr3/rstn              |                5 |             12 |         2.40 |
|  clk_IBUF_BUFG | num_1[11]_i_1_n_0                                                                                 | jitter_clr3/rstn              |                3 |             12 |         4.00 |
|  clk_IBUF_BUFG | buttonedge2/E[0]                                                                                  | jitter_clr3/rstn              |                6 |             12 |         2.00 |
|  clk_IBUF_BUFG | clk_cnt[15]_i_1_n_0                                                                               | jitter_clr3/rstn              |                4 |             16 |         4.00 |
|  clk_IBUF_BUFG | buttonedge0/E[0]                                                                                  | jitter_clr3/rstn              |               10 |             16 |         1.60 |
|  clk_IBUF_BUFG |                                                                                                   | jitter_clr3/rstn              |               12 |             27 |         2.25 |
|  clk_IBUF_BUFG | r2                                                                                                | jitter_clr3/rstn              |               12 |             32 |         2.67 |
|  clk_IBUF_BUFG |                                                                                                   |                               |               19 |             44 |         2.32 |
|  clk_IBUF_BUFG | dist_mem_gen_0/U0/synth_options.dist_mem_inst/gen_dp_ram.dpram_inst/ram_reg_1664_1791_0_0_i_1_n_0 |                               |               16 |             64 |         4.00 |
|  clk_IBUF_BUFG | dist_mem_gen_0/U0/synth_options.dist_mem_inst/gen_dp_ram.dpram_inst/ram_reg_1536_1663_0_0_i_1_n_0 |                               |               16 |             64 |         4.00 |
|  clk_IBUF_BUFG | dist_mem_gen_0/U0/synth_options.dist_mem_inst/gen_dp_ram.dpram_inst/ram_reg_1792_1919_0_0_i_1_n_0 |                               |               16 |             64 |         4.00 |
|  clk_IBUF_BUFG | dist_mem_gen_0/U0/synth_options.dist_mem_inst/gen_dp_ram.dpram_inst/ram_reg_1920_2047_0_0_i_1_n_0 |                               |               16 |             64 |         4.00 |
|  clk_IBUF_BUFG | dist_mem_gen_0/U0/synth_options.dist_mem_inst/gen_dp_ram.dpram_inst/ram_reg_2176_2303_0_0_i_1_n_0 |                               |               16 |             64 |         4.00 |
|  clk_IBUF_BUFG | dist_mem_gen_0/U0/synth_options.dist_mem_inst/gen_dp_ram.dpram_inst/ram_reg_2048_2175_0_0_i_1_n_0 |                               |               16 |             64 |         4.00 |
|  clk_IBUF_BUFG | dist_mem_gen_0/U0/synth_options.dist_mem_inst/gen_dp_ram.dpram_inst/ram_reg_2304_2431_0_0_i_1_n_0 |                               |               16 |             64 |         4.00 |
|  clk_IBUF_BUFG | dist_mem_gen_0/U0/synth_options.dist_mem_inst/gen_dp_ram.dpram_inst/ram_reg_2560_2687_0_0_i_1_n_0 |                               |               16 |             64 |         4.00 |
|  clk_IBUF_BUFG | dist_mem_gen_0/U0/synth_options.dist_mem_inst/gen_dp_ram.dpram_inst/ram_reg_2432_2559_0_0_i_1_n_0 |                               |               16 |             64 |         4.00 |
|  clk_IBUF_BUFG | dist_mem_gen_0/U0/synth_options.dist_mem_inst/gen_dp_ram.dpram_inst/ram_reg_2688_2815_0_0_i_1_n_0 |                               |               16 |             64 |         4.00 |
|  clk_IBUF_BUFG | dist_mem_gen_0/U0/synth_options.dist_mem_inst/gen_dp_ram.dpram_inst/ram_reg_256_383_0_0_i_1_n_0   |                               |               16 |             64 |         4.00 |
|  clk_IBUF_BUFG | dist_mem_gen_0/U0/synth_options.dist_mem_inst/gen_dp_ram.dpram_inst/ram_reg_2944_3071_0_0_i_1_n_0 |                               |               16 |             64 |         4.00 |
|  clk_IBUF_BUFG | dist_mem_gen_0/U0/synth_options.dist_mem_inst/gen_dp_ram.dpram_inst/ram_reg_2816_2943_0_0_i_1_n_0 |                               |               16 |             64 |         4.00 |
|  clk_IBUF_BUFG | dist_mem_gen_0/U0/synth_options.dist_mem_inst/gen_dp_ram.dpram_inst/ram_reg_3200_3327_0_0_i_1_n_0 |                               |               16 |             64 |         4.00 |
|  clk_IBUF_BUFG | dist_mem_gen_0/U0/synth_options.dist_mem_inst/gen_dp_ram.dpram_inst/ram_reg_3072_3199_0_0_i_1_n_0 |                               |               16 |             64 |         4.00 |
|  clk_IBUF_BUFG | dist_mem_gen_0/U0/synth_options.dist_mem_inst/gen_dp_ram.dpram_inst/ram_reg_3456_3583_0_0_i_1_n_0 |                               |               16 |             64 |         4.00 |
|  clk_IBUF_BUFG | dist_mem_gen_0/U0/synth_options.dist_mem_inst/gen_dp_ram.dpram_inst/ram_reg_3328_3455_0_0_i_1_n_0 |                               |               16 |             64 |         4.00 |
|  clk_IBUF_BUFG | dist_mem_gen_0/U0/synth_options.dist_mem_inst/gen_dp_ram.dpram_inst/ram_reg_3584_3711_0_0_i_1_n_0 |                               |               16 |             64 |         4.00 |
|  clk_IBUF_BUFG | dist_mem_gen_0/U0/synth_options.dist_mem_inst/gen_dp_ram.dpram_inst/ram_reg_3712_3839_0_0_i_1_n_0 |                               |               16 |             64 |         4.00 |
|  clk_IBUF_BUFG | dist_mem_gen_0/U0/synth_options.dist_mem_inst/gen_dp_ram.dpram_inst/ram_reg_3840_3967_0_0_i_1_n_0 |                               |               16 |             64 |         4.00 |
|  clk_IBUF_BUFG | dist_mem_gen_0/U0/synth_options.dist_mem_inst/gen_dp_ram.dpram_inst/ram_reg_384_511_0_0_i_1_n_0   |                               |               16 |             64 |         4.00 |
|  clk_IBUF_BUFG | dist_mem_gen_0/U0/synth_options.dist_mem_inst/gen_dp_ram.dpram_inst/ram_reg_512_639_0_0_i_1_n_0   |                               |               16 |             64 |         4.00 |
|  clk_IBUF_BUFG | dist_mem_gen_0/U0/synth_options.dist_mem_inst/gen_dp_ram.dpram_inst/ram_reg_3968_4095_0_0_i_1_n_0 |                               |               16 |             64 |         4.00 |
|  clk_IBUF_BUFG | dist_mem_gen_0/U0/synth_options.dist_mem_inst/gen_dp_ram.dpram_inst/ram_reg_768_895_0_0_i_1_n_0   |                               |               16 |             64 |         4.00 |
|  clk_IBUF_BUFG | dist_mem_gen_0/U0/synth_options.dist_mem_inst/gen_dp_ram.dpram_inst/ram_reg_640_767_0_0_i_1_n_0   |                               |               16 |             64 |         4.00 |
|  clk_IBUF_BUFG | dist_mem_gen_0/U0/synth_options.dist_mem_inst/gen_dp_ram.dpram_inst/ram_reg_896_1023_0_0_i_1_n_0  |                               |               16 |             64 |         4.00 |
|  clk_IBUF_BUFG | dist_mem_gen_0/U0/synth_options.dist_mem_inst/gen_dp_ram.dpram_inst/ram_reg_1024_1151_0_0_i_1_n_0 |                               |               16 |             64 |         4.00 |
|  clk_IBUF_BUFG | dist_mem_gen_0/U0/synth_options.dist_mem_inst/gen_dp_ram.dpram_inst/ram_reg_0_127_0_0_i_1_n_0     |                               |               16 |             64 |         4.00 |
|  clk_IBUF_BUFG | dist_mem_gen_0/U0/synth_options.dist_mem_inst/gen_dp_ram.dpram_inst/ram_reg_1152_1279_0_0_i_1_n_0 |                               |               16 |             64 |         4.00 |
|  clk_IBUF_BUFG | dist_mem_gen_0/U0/synth_options.dist_mem_inst/gen_dp_ram.dpram_inst/ram_reg_1280_1407_0_0_i_1_n_0 |                               |               16 |             64 |         4.00 |
|  clk_IBUF_BUFG | dist_mem_gen_0/U0/synth_options.dist_mem_inst/gen_dp_ram.dpram_inst/ram_reg_128_255_0_0_i_1_n_0   |                               |               16 |             64 |         4.00 |
|  clk_IBUF_BUFG | dist_mem_gen_0/U0/synth_options.dist_mem_inst/gen_dp_ram.dpram_inst/ram_reg_1408_1535_0_0_i_1_n_0 |                               |               16 |             64 |         4.00 |
+----------------+---------------------------------------------------------------------------------------------------+-------------------------------+------------------+----------------+--------------+


